System Bootstrap, Version 12.1(3r)T2, RELEASE SOFTWARE (fc1)
Copyright (c) 2000 by cisco Systems, Inc.
cisco 2811 (MPC860) processor (revision 0x200) with 60416K/5120K bytes of memory

Self decompressing the image :
########################################################################## [OK]
              Restricted Rights Legend

Use, duplication, or disclosure by the Government is
subject to restrictions as set forth in subparagraph
(c) of the Commercial Computer Software - Restricted
Rights clause at FAR sec. 52.227-19 and subparagraph
(c) (1) (ii) of the Rights in Technical Data and Computer
Software clause at DFARS sec. 252.227-7013.

           cisco Systems, Inc.
           170 West Tasman Drive
           San Jose, California 95134-1706



Cisco IOS Software, 2800 Software (C2800NM-IPBASE-M), Version 12.3(14)T7, RELEASE SOFTWARE (fc2)
Technical Support: http://www.cisco.com/techsupport
Copyright (c) 1986-2006 by Cisco Systems, Inc.
Compiled Wed 22-Mar-06 18:40 by pt_team
Image text-base: 0x40095498, data-base: 0x414E0000

cisco 2811 (MPC860) processor (revision 0x200) with 60416K/5120K bytes of memory
Processor board ID JAD05190MTZ (4292891495)
M860 processor: part number 0, mask 49
2 FastEthernet/IEEE 802.3 interface(s)
239K bytes of non-volatile configuration memory.
62720K bytes of processor board System flash (Read/Write)
Cisco IOS Software, 2800 Software (C2800NM-IPBASE-M), Version 12.3(14)T7, RELEASE SOFTWARE (fc2)
Technical Support: http://www.cisco.com/techsupport
Copyright (c) 1986-2006 by Cisco Systems, Inc.
Compiled Wed 22-Mar-06 18:40 by pt_team


         --- System Configuration Dialog ---

Continue with configuration dialog? [yes/no]: System Bootstrap, Version 12.1(3r)T2, RELEASE SOFTWARE (fc1)
Copyright (c) 2000 by cisco Systems, Inc.
cisco 2811 (MPC860) processor (revision 0x200) with 60416K/5120K bytes of memory

Self decompressing the image :
########################################################################## [OK]
              Restricted Rights Legend

Use, duplication, or disclosure by the Government is
subject to restrictions as set forth in subparagraph
(c) of the Commercial Computer Software - Restricted
Rights clause at FAR sec. 52.227-19 and subparagraph
(c) (1) (ii) of the Rights in Technical Data and Computer
Software clause at DFARS sec. 252.227-7013.

           cisco Systems, Inc.
           170 West Tasman Drive
           San Jose, California 95134-1706



Cisco IOS Software, 2800 Software (C2800NM-IPBASE-M), Version 12.3(14)T7, RELEASE SOFTWARE (fc2)
Technical Support: http://www.cisco.com/techsupport
Copyright (c) 1986-2006 by Cisco Systems, Inc.
Compiled Wed 22-Mar-06 18:40 by pt_team
Image text-base: 0x40095498, data-base: 0x414E0000

cisco 2811 (MPC860) processor (revision 0x200) with 60416K/5120K bytes of memory
Processor board ID JAD05190MTZ (4292891495)
M860 processor: part number 0, mask 49
18 FastEthernet/IEEE 802.3 interface(s)
239K bytes of non-volatile configuration memory.
62720K bytes of processor board System flash (Read/Write)
Cisco IOS Software, 2800 Software (C2800NM-IPBASE-M), Version 12.3(14)T7, RELEASE SOFTWARE (fc2)
Technical Support: http://www.cisco.com/techsupport
Copyright (c) 1986-2006 by Cisco Systems, Inc.
Compiled Wed 22-Mar-06 18:40 by pt_team


         --- System Configuration Dialog ---

Continue with configuration dialog? [yes/no]: no


Press RETURN to get started!



Router>enable
Router#show version
Cisco IOS Software, 2800 Software (C2800NM-IPBASE-M), Version 12.3(14)T7, RELEASE SOFTWARE (fc2)
Technical Support: http://www.cisco.com/techsupport
Copyright (c) 1986-2006 by Cisco Systems, Inc.
Compiled Wed 22-Mar-06 18:40 by pt_team

ROM: System Bootstrap, Version 12.1(3r)T2, RELEASE SOFTWARE (fc1)
Copyright (c) 2000 by cisco Systems, Inc.

System returned to ROM by power-on
System image file is "flash:c2800nm-ipbase-mz.123-14.T7.bin"

cisco 2811 (MPC860) processor (revision 0x200) with 60416K/5120K bytes of memory
Processor board ID JAD05190MTZ (4292891495)
M860 processor: part number 0, mask 49
18 FastEthernet/IEEE 802.3 interface(s)
239K bytes of NVRAM.
62720K bytes of processor board System flash (Read/Write)

Configuration register is 0x2102

Router#show running-config
Building configuration...

Current configuration : 1689 bytes
!
version 12.3
no service password-encryption
!
hostname Router
!
!
!
!
interface FastEthernet0/0
 no ip address
 duplex auto
 speed auto
 shutdown
!
interface FastEthernet0/1
 no ip address
 duplex auto
 speed auto
 shutdown
!
interface FastEthernet0/0/0
 shutdown
!
interface FastEthernet0/0/1
 shutdown
!
interface FastEthernet0/0/2
 shutdown
!
interface FastEthernet0/0/3
 shutdown
!
interface FastEthernet0/1/0
 shutdown
!
interface FastEthernet0/1/1
 shutdown
!
interface FastEthernet0/1/2
 shutdown
!
interface FastEthernet0/1/3
 shutdown
!
interface FastEthernet0/2/0
 shutdown
!
interface FastEthernet0/2/1
 shutdown
!
interface FastEthernet0/2/2
 shutdown
!
interface FastEthernet0/2/3
 shutdown
!
interface FastEthernet0/3/0
 shutdown
!
interface FastEthernet0/3/1
 shutdown
!
interface FastEthernet0/3/2
 shutdown
!
interface FastEthernet0/3/3
 shutdown
!
interface Modem1/0
 bandwidth 17360196
 no ip address
 ip ospf cost 1
 delay 7055696
 shutdown
!
interface Modem1/1
 bandwidth 543973731
 no ip address
 ip ospf cost 1
 delay 188641825
 shutdown
!
interface Modem1/2
 bandwidth 0
 no ip address
 ip ospf cost 4208
 delay 0
 shutdown
!
interface Modem1/3
 bandwidth 16777215
 no ip address
 ip ospf cost 1
 delay 7395512
 shutdown
!
interface Modem1/4
 bandwidth 0
 no ip address
 ip ospf cost 1
 delay 0
 shutdown
!
interface Modem1/5
 bandwidth 0
 no ip address
 ip ospf cost 1
 delay 0
 shutdown
!
interface Modem1/6
 bandwidth 0
 no ip address
 ip ospf cost 1
 delay 0
 shutdown
!
interface Modem1/7
 bandwidth 0
 no ip address
 ip ospf cost 1
 delay 0
 shutdown
!
interface Vlan1
 no ip address
 shutdown
!
ip classless
!
!
!
!
line con 0
line vty 0 4
 login
!
!
end


Router#
Router#config t
Enter configuration commands, one per line.  End with CNTL/Z.
Router(config)#hostname sai
sai(config)#interface fastethernet 0/0
sai(config-if)#ip address 192.168.1.100 255.255.255.0
sai(config-if)#no shutdown

%LINK-5-CHANGED: Interface FastEthernet0/0, changed state to up
%LINEPROTO-5-UPDOWN: Line protocol on Interface FastEthernet0/0, changed state to up
sai(config-if)#exit
sai(config)#enable password ganesh
sai(config)#line console 0
sai(config-line)#password ganesh
sai(config-line)#line vty 0 4
sai(config-line)#password ganesh
sai(config-line)#login
sai(config-line)#end
%SYS-5-CONFIG_I: Configured from console by console
sai#
sai#write
Destination filename [startup-config]? 
Building configuration...
[OK]
sai#show running config
                 ^
% Invalid input detected at '^' marker.
	
sai#show running-config
Building configuration...

Current configuration : 1760 bytes
!
version 12.3
no service password-encryption
!
hostname sai
!
!
enable password ganesh
!
!
!
interface FastEthernet0/0
 ip address 192.168.1.100 255.255.255.0
 duplex auto
 speed auto
!
interface FastEthernet0/1
 no ip address
 duplex auto
 speed auto
 shutdown
!
interface FastEthernet0/0/0
 shutdown
!
interface FastEthernet0/0/1
 shutdown
!
interface FastEthernet0/0/2
 shutdown
!
interface FastEthernet0/0/3
 shutdown
!
interface FastEthernet0/1/0
 shutdown
!
interface FastEthernet0/1/1
 shutdown
!
interface FastEthernet0/1/2
 shutdown
!
interface FastEthernet0/1/3
 shutdown
!
interface FastEthernet0/2/0
 shutdown
!
interface FastEthernet0/2/1
 shutdown
!
interface FastEthernet0/2/2
 shutdown
!
interface FastEthernet0/2/3
 shutdown
!
interface FastEthernet0/3/0
 shutdown
!
interface FastEthernet0/3/1
 shutdown
!
interface FastEthernet0/3/2
 shutdown
!
interface FastEthernet0/3/3
 shutdown
!
interface Modem1/0
 bandwidth 17360196
 no ip address
 ip ospf cost 1
 delay 7055696
 shutdown
!
interface Modem1/1
 bandwidth 543973731
 no ip address
 ip ospf cost 1
 delay 188641825
 shutdown
!
interface Modem1/2
 bandwidth 0
 no ip address
 ip ospf cost 4208
 delay 0
 shutdown
!
interface Modem1/3
 bandwidth 16777215
 no ip address
 ip ospf cost 1
 delay 7395512
 shutdown
!
interface Modem1/4
 bandwidth 0
 no ip address
 ip ospf cost 1
 delay 0
 shutdown
!
interface Modem1/5
 bandwidth 0
 no ip address
 ip ospf cost 1
 delay 0
 shutdown
!
interface Modem1/6
 bandwidth 0
 no ip address
 ip ospf cost 1
 delay 0
 shutdown
!
interface Modem1/7
 bandwidth 0
 no ip address
 ip ospf cost 1
 delay 0
 shutdown
!
interface Vlan1
 no ip address
 shutdown
!
ip classless
!
!
!
!
line con 0
 password ganesh
line vty 0 4
 password ganesh
 login
!
!
end


sai#
sai#
sai#